// Jest Snapshot v1, https://goo.gl/fbAQLP

exports[`block color text with inline style multiple lines of coloring 1`] = `
"<h1>Hello world before color</h1>
<p>before color</p>
<div style=\\"color: red\\"><p>Hello I should be in red text right under the start point</p><h1>I should still be red text</h1></div>
<p>text in between</p>
<div style=\\"color: blue\\"><p>Hello I should be in blue text right under the start point</p><h1>I should still be blue text</h1><p>more text
I'm right above the color token and should still be blue</p></div>
<p>I'm right under the end token
after text</p>
<h2>Some more headings</h2>
"
`;

exports[`block color text with inline style should color hex 3 characters 1`] = `
"<div style=\\"color: #a0d\\"><p>123</p></div>
"
`;

exports[`block color text with inline style should color hex 6 characters 1`] = `
"<div style=\\"color: #d0e10e\\"><p>123</p></div>
"
`;

exports[`block color text with inline style should color in lowercase 1`] = `
"<div style=\\"color: red\\"><p>123</p></div>
"
`;

exports[`block color text with inline style should color rgb 1`] = `
"<div style=\\"color: rgb(100 ,100, 100)\\"><p>123</p></div>
"
`;

exports[`block color text with inline style should color rgba 1`] = `
"<div style=\\"color: rgba(100 ,100, 100, 10)\\"><p>123</p></div>
"
`;

exports[`block color text with inline style should not color if lowercase is turned off 1`] = `
"<div style=\\"color: rEd\\"><p>123</p></div>
"
`;

exports[`block color text with inline style should not color if token never ends 1`] = `
"<p>!# red</p>
<p>this should not be red</p>
<p>there's no end!!!</p>
"
`;

exports[`block color text with inline style should not escape 1`] = `
"<div style=\\"color: #d0e10e\\"><p>123</p></div>
"
`;

exports[`block color text with inline style should short line 1`] = `
"<div style=\\"color: red\\"><p>123</p></div>
"
`;

exports[`inline color text with inline style should color between text 1`] = `
"<p>Test</p>
<p>Lorem ipsum dolor sit <span style=\\"color: red\\"><strong>Vestibulum cursus volutpat auctor</strong></span>, consectetur adipiscing elit.
Vestibulum cursus volutpat auctor. <span style=\\"color: #d0e10e\\">Pellentesque euismod</span> ipsum placerat arcu condimentum mattis.</p>
<p>Lorem ipsum dolor sit <span style=\\"color: red\\">amet</span>, consectetur adipiscing elit.
Vestibulum cursus volutpat auctor. <span style=\\"color: #d0e10e\\">Pellentesque euismod</span> ipsum placerat arcu condimentum mattis.</p>
"
`;

exports[`inline color text with inline style should color single line 1`] = `
"<p><span style=\\"color: red\\">this is inline!</span></p>
"
`;

exports[`inline color text with inline style should not color if not closed 1`] = `
"<p>!# red (this is inline!</p>
"
`;

exports[`inline color text with inline style should not split by nbsp character 1`] = `
"!# #d0e10e (helloÂ world)
"
`;
